src/modules/tasks/tasks_routes.ts(8,3): error TS2305: Module '"./tasks_controller"' has no exported member 'getSupervisorCompletedTasks'.
src/modules/tasks/tasks_routes.ts(9,3): error TS2305: Module '"./tasks_controller"' has no exported member 'verifyTaskController'.
src/modules/tasks/tasks_routes.ts(10,3): error TS2305: Module '"./tasks_controller"' has no exported member 'getSupervisorCollections'.
src/modules/Worker/assignment_controller.ts(68,65): error TS2345: Argument of type 'string | string[]' is not assignable to parameter of type 'string'.
  Type 'string[]' is not assignable to type 'string'.
